// Jest Snapshot v1, https://goo.gl/fbAQLP

exports[`QuizSection renders with appropriate props 1`] = `
<div
  className="quiz-section"
>
  <h1
    className="quiz-section-heading undefined"
  />
  <section
    className="quiz-section-body"
  >
    <div
      className="quiz"
    >
      <h2>
        a title
      </h2>
      <section
        className="quiz-body"
      >
        <p>
          a body
        </p>
      </section>
      <section
        className="quiz-footer undefined"
      >
        <span>
          <i
            className="fa fa-heart"
          />
           
        </span>
         
        <a>
          Share
        </a>
         
      </section>
    </div>
    <div
      className="quiz"
    >
      <h2>
        another title
      </h2>
      <section
        className="quiz-body"
      >
        <p>
          another body
        </p>
      </section>
      <section
        className="quiz-footer undefined"
      >
        <span>
          <i
            className="fa fa-heart"
          />
           
        </span>
         
        <a>
          Share
        </a>
         
      </section>
    </div>
  </section>
</div>
`;
