// Jest Snapshot v1, https://goo.gl/fbAQLP

exports[`AllQuizzes renders without crashing 1`] = `
ShallowWrapper {
  "length": 1,
  Symbol(enzyme.__root__): [Circular],
  Symbol(enzyme.__unrendered__): <AllQuizzes />,
  Symbol(enzyme.__renderer__): Object {
    "batchedUpdates": [Function],
    "getNode": [Function],
    "render": [Function],
    "simulateEvent": [Function],
    "unmount": [Function],
  },
  Symbol(enzyme.__node__): Object {
    "instance": null,
    "key": undefined,
    "nodeType": "host",
    "props": Object {
      "children": Array [
        <section
          className="all-quizzes-left"
>
          <Connect(QuizStart) />
</section>,
        <section
          className="all-quizzes-right"
>
          <QuizSection
                    getData={undefined}
                    headingText="Your Quizzes"
                    mainColor="secondary"
                    quizzes={undefined}
                    wrap={false}
          />
          <QuizSection
                    getData={undefined}
                    headingText="Popular Quizzes"
                    mainColor="tertiary"
                    quizzes={undefined}
                    wrap={true}
          />
</section>,
      ],
      "className": "all-quizzes",
    },
    "ref": null,
    "rendered": Array [
      Object {
        "instance": null,
        "key": undefined,
        "nodeType": "host",
        "props": Object {
          "children": <Connect(QuizStart) />,
          "className": "all-quizzes-left",
        },
        "ref": null,
        "rendered": Object {
          "instance": null,
          "key": undefined,
          "nodeType": "class",
          "props": Object {},
          "ref": null,
          "rendered": null,
          "type": [Function],
        },
        "type": "section",
      },
      Object {
        "instance": null,
        "key": undefined,
        "nodeType": "host",
        "props": Object {
          "children": Array [
            <QuizSection
              getData={undefined}
              headingText="Your Quizzes"
              mainColor="secondary"
              quizzes={undefined}
              wrap={false}
/>,
            <QuizSection
              getData={undefined}
              headingText="Popular Quizzes"
              mainColor="tertiary"
              quizzes={undefined}
              wrap={true}
/>,
          ],
          "className": "all-quizzes-right",
        },
        "ref": null,
        "rendered": Array [
          Object {
            "instance": null,
            "key": undefined,
            "nodeType": "class",
            "props": Object {
              "getData": undefined,
              "headingText": "Your Quizzes",
              "mainColor": "secondary",
              "quizzes": undefined,
              "wrap": false,
            },
            "ref": null,
            "rendered": null,
            "type": [Function],
          },
          Object {
            "instance": null,
            "key": undefined,
            "nodeType": "class",
            "props": Object {
              "getData": undefined,
              "headingText": "Popular Quizzes",
              "mainColor": "tertiary",
              "quizzes": undefined,
              "wrap": true,
            },
            "ref": null,
            "rendered": null,
            "type": [Function],
          },
        ],
        "type": "section",
      },
    ],
    "type": "div",
  },
  Symbol(enzyme.__nodes__): Array [
    Object {
      "instance": null,
      "key": undefined,
      "nodeType": "host",
      "props": Object {
        "children": Array [
          <section
            className="all-quizzes-left"
>
            <Connect(QuizStart) />
</section>,
          <section
            className="all-quizzes-right"
>
            <QuizSection
                        getData={undefined}
                        headingText="Your Quizzes"
                        mainColor="secondary"
                        quizzes={undefined}
                        wrap={false}
            />
            <QuizSection
                        getData={undefined}
                        headingText="Popular Quizzes"
                        mainColor="tertiary"
                        quizzes={undefined}
                        wrap={true}
            />
</section>,
        ],
        "className": "all-quizzes",
      },
      "ref": null,
      "rendered": Array [
        Object {
          "instance": null,
          "key": undefined,
          "nodeType": "host",
          "props": Object {
            "children": <Connect(QuizStart) />,
            "className": "all-quizzes-left",
          },
          "ref": null,
          "rendered": Object {
            "instance": null,
            "key": undefined,
            "nodeType": "class",
            "props": Object {},
            "ref": null,
            "rendered": null,
            "type": [Function],
          },
          "type": "section",
        },
        Object {
          "instance": null,
          "key": undefined,
          "nodeType": "host",
          "props": Object {
            "children": Array [
              <QuizSection
                getData={undefined}
                headingText="Your Quizzes"
                mainColor="secondary"
                quizzes={undefined}
                wrap={false}
/>,
              <QuizSection
                getData={undefined}
                headingText="Popular Quizzes"
                mainColor="tertiary"
                quizzes={undefined}
                wrap={true}
/>,
            ],
            "className": "all-quizzes-right",
          },
          "ref": null,
          "rendered": Array [
            Object {
              "instance": null,
              "key": undefined,
              "nodeType": "class",
              "props": Object {
                "getData": undefined,
                "headingText": "Your Quizzes",
                "mainColor": "secondary",
                "quizzes": undefined,
                "wrap": false,
              },
              "ref": null,
              "rendered": null,
              "type": [Function],
            },
            Object {
              "instance": null,
              "key": undefined,
              "nodeType": "class",
              "props": Object {
                "getData": undefined,
                "headingText": "Popular Quizzes",
                "mainColor": "tertiary",
                "quizzes": undefined,
                "wrap": true,
              },
              "ref": null,
              "rendered": null,
              "type": [Function],
            },
          ],
          "type": "section",
        },
      ],
      "type": "div",
    },
  ],
  Symbol(enzyme.__options__): Object {
    "adapter": ReactSixteenAdapter {
      "options": Object {
        "enableComponentDidUpdateOnSetState": true,
      },
    },
  },
}
`;
